C251 COMPILER V5.60.0,  zf_common_interrupt                                                08/01/26  02:12:46  PAGE 1   


C251 COMPILER V5.60.0, COMPILATION OF MODULE zf_common_interrupt
OBJECT MODULE PLACED IN .\out_file\zf_common_interrupt.obj
COMPILER INVOKED BY: E:\Tools\keil5\Keil_v5\C251\BIN\C251.EXE ..\..\libraries\zf_common\zf_common_interrupt.c LARGE NOAL
                    -IAS WARNINGLEVEL(3) OPTIMIZE(SIZE) BROWSE INCDIR(..\..\libraries\zf_common;..\..\libraries\zf_components;..\..\libraries
                    -\zf_device;..\..\libraries\zf_driver;..\user;..\code) DEBUG PRINT(.\out_file\zf_common_interrupt.lst) TABS(2) OBJECT(.\o
                    -ut_file\zf_common_interrupt.obj) 

stmt  level    source

    1          /********************************************************************************************************
             -*************
    2          * STC32G Opensourec Library 即（STC32G 开源库）是一个基于官方 SDK 接口的第三方开源库
    3          * Copyright (c) 2022 SEEKFREE 逐飞科技
    4          *
    5          * 本文件是STC 开源库的一部分
    6          *
    7          * STC32G 开源库 是免费软件
    8          * 您可以根据自由软件基金会发布的 GPL（GNU General Public License，即 GNU通用公共许可证）的条款
    9          * 即 GPL 的第3版（即 GPL3.0）或（您选择的）任何后来的版本，重新发布和/或修改它
   10          *
   11          * 本开源库的发布是希望它能发挥作用，但并未对其作任何的保证
   12          * 甚至没有隐含的适销性或适合特定用途的保证
   13          * 更多细节请参见 GPL
   14          *
   15          * 您应该在收到本开源库的同时收到一份 GPL 的副本
   16          * 如果没有，请参阅<https://www.gnu.org/licenses/>
   17          *
   18          * 额外注明：
   19          * 本开源库使用 GPL3.0 开源许可证协议 以上许可申明为译文版本
   20          * 许可申明英文版在 libraries/doc 文件夹下的 GPL3_permission_statement.txt 文件中
   21          * 许可证副本在 libraries 文件夹下 即该文件夹下的 LICENSE 文件
   22          * 欢迎各位使用并传播本程序 但修改内容时必须保留逐飞科技的版权声明（即本声明）
   23          *
   24          * 文件名称          
   25          * 公司名称          成都逐飞科技有限公司
   26          * 版本信息          查看 libraries/doc 文件夹内 version 文件 版本说明
   27          * 开发环境          MDK FOR C251
   28          * 适用平台          STC32G
   29          * 店铺链接          https://seekfree.taobao.com/
   30          *
   31          * 修改记录
   32          * 日期              作者           备注
   33          * 2024-08-01        大W            first version
   34          *********************************************************************************************************
             -***********/
   35          
   36          #include "zf_common_interrupt.h"
   37          
   38          //-------------------------------------------------------------------------------------------------------
             -------------
   39          // 函数简介     指定中断设置优先级
   40          // 参数说明     irqn            指定中断号 可查看 zf_common_interrupt.h 对应中断服务函数的标注
   41          // 参数说明     priority        抢占式优先级 0到3，0为最低优先级，3为最高优先级
   42          // 返回参数     void
   43          // 使用示例     interrupt_set_priority( TIMER0_IRQn, 3);
   44          //                                  设置周期中断定时器0的优先级为3
   45          //                                  禁止调用ch32v30x_misc里面的函数
   46          // 备注信息        其余不能设置的，中断优先级全部为最低优先级0
   47          //-------------------------------------------------------------------------------------------------------
             -------------
   48          void interrupt_set_priority (irqn_type_enum irqn, uint8 priority)
   49          {
   50   1        if((irqn >> 4) == 0)
   51   1        {
   52   2          IP  |= (priority & 0x01) << (irqn & 0x0F);
C251 COMPILER V5.60.0,  zf_common_interrupt                                                08/01/26  02:12:46  PAGE 2   

   53   2          IPH |= ((priority >> 1) & 0x01) << (irqn & 0x0F);
   54   2        }
   55   1        else if((irqn >> 4) == 1)
   56   1        {
   57   2          IP2  |= (priority & 0x01) << (irqn & 0x0F);
   58   2          IP2H |= ((priority >> 1) & 0x01) << (irqn & 0x0F);
   59   2        }
   60   1        else if((irqn >> 4) == 2)
   61   1        {
   62   2      //    IP3  |= (priority & 0x01) << (irqn & 0x0F);
   63   2      //    IP3H |= ((priority >> 1) & 0x01) << (irqn & 0x0F);
   64   2        }
   65   1      }
   66          
   67          //-------------------------------------------------------------------------------------------------------
             -------------
   68          // 函数简介     关闭全局中断
   69          // 参数说明     void            
   70          // 返回参数     void
   71          // 使用示例     
   72          //             
   73          // 备注信息        
   74          //-------------------------------------------------------------------------------------------------------
             -------------
   75          void interrupt_global_disable(void)
   76          {
   77   1          EA = 0;
   78   1      }
   79          
   80          //-------------------------------------------------------------------------------------------------------
             -------------
   81          // 函数简介     开启全局中断
   82          // 参数说明     void            
   83          // 返回参数     void
   84          // 使用示例     
   85          //             
   86          // 备注信息        
   87          //-------------------------------------------------------------------------------------------------------
             -------------
   88          void interrupt_global_enable(void)
   89          {
   90   1          EA = 1;
   91   1      }
   92          


Module Information          Static   Overlayable
------------------------------------------------
  code size            =       114     ------
  ecode size           =    ------     ------
  data size            =    ------     ------
  idata size           =    ------     ------
  pdata size           =    ------     ------
  xdata size           =    ------     ------
  xdata-const size     =    ------     ------
  edata size           =    ------     ------
  bit size             =    ------     ------
  ebit size            =    ------     ------
  bitaddressable size  =    ------     ------
  ebitaddressable size =    ------     ------
  far data size        =    ------     ------
  huge data size       =    ------     ------
  const size           =    ------     ------
  hconst size          =    ------     ------
End of Module Information.


C251 COMPILATION COMPLETE.  0 WARNING(S),  0 ERROR(S)
